Archive member included to satisfy reference by file (symbol)

/opt/Ac6/SystemWorkbench/plugins/fr.ac6.mcu.externaltools.arm-none.linux64_1.15.0.201708311556/tools/compiler/bin/../lib/gcc/arm-none-eabi/6.3.1/thumb/v7e-m/fpv5-sp/hard/libgcc.a(_aeabi_uldivmod.o)
                              Drivers/STM32F7xx_HAL_Driver/Src/stm32f7xx_hal_rcc.o (__aeabi_uldivmod)
/opt/Ac6/SystemWorkbench/plugins/fr.ac6.mcu.externaltools.arm-none.linux64_1.15.0.201708311556/tools/compiler/bin/../lib/gcc/arm-none-eabi/6.3.1/thumb/v7e-m/fpv5-sp/hard/libgcc.a(_udivmoddi4.o)
                              /opt/Ac6/SystemWorkbench/plugins/fr.ac6.mcu.externaltools.arm-none.linux64_1.15.0.201708311556/tools/compiler/bin/../lib/gcc/arm-none-eabi/6.3.1/thumb/v7e-m/fpv5-sp/hard/libgcc.a(_aeabi_uldivmod.o) (__udivmoddi4)
/opt/Ac6/SystemWorkbench/plugins/fr.ac6.mcu.externaltools.arm-none.linux64_1.15.0.201708311556/tools/compiler/bin/../lib/gcc/arm-none-eabi/6.3.1/thumb/v7e-m/fpv5-sp/hard/libgcc.a(_dvmd_tls.o)
                              /opt/Ac6/SystemWorkbench/plugins/fr.ac6.mcu.externaltools.arm-none.linux64_1.15.0.201708311556/tools/compiler/bin/../lib/gcc/arm-none-eabi/6.3.1/thumb/v7e-m/fpv5-sp/hard/libgcc.a(_aeabi_uldivmod.o) (__aeabi_ldiv0)
/opt/Ac6/SystemWorkbench/plugins/fr.ac6.mcu.externaltools.arm-none.linux64_1.15.0.201708311556/tools/compiler/bin/../lib/gcc/arm-none-eabi/6.3.1/../../../../arm-none-eabi/lib/thumb/v7e-m/fpv5-sp/hard/libc_nano.a(lib_a-exit.o)
                              /opt/Ac6/SystemWorkbench/plugins/fr.ac6.mcu.externaltools.arm-none.linux64_1.15.0.201708311556/tools/compiler/bin/../lib/gcc/arm-none-eabi/6.3.1/../../../../arm-none-eabi/lib/thumb/v7e-m/fpv5-sp/hard/crt0.o (exit)
/opt/Ac6/SystemWorkbench/plugins/fr.ac6.mcu.externaltools.arm-none.linux64_1.15.0.201708311556/tools/compiler/bin/../lib/gcc/arm-none-eabi/6.3.1/../../../../arm-none-eabi/lib/thumb/v7e-m/fpv5-sp/hard/libc_nano.a(lib_a-impure.o)
                              /opt/Ac6/SystemWorkbench/plugins/fr.ac6.mcu.externaltools.arm-none.linux64_1.15.0.201708311556/tools/compiler/bin/../lib/gcc/arm-none-eabi/6.3.1/../../../../arm-none-eabi/lib/thumb/v7e-m/fpv5-sp/hard/libc_nano.a(lib_a-exit.o) (_global_impure_ptr)
/opt/Ac6/SystemWorkbench/plugins/fr.ac6.mcu.externaltools.arm-none.linux64_1.15.0.201708311556/tools/compiler/bin/../lib/gcc/arm-none-eabi/6.3.1/../../../../arm-none-eabi/lib/thumb/v7e-m/fpv5-sp/hard/libc_nano.a(lib_a-init.o)
                              /opt/Ac6/SystemWorkbench/plugins/fr.ac6.mcu.externaltools.arm-none.linux64_1.15.0.201708311556/tools/compiler/bin/../lib/gcc/arm-none-eabi/6.3.1/../../../../arm-none-eabi/lib/thumb/v7e-m/fpv5-sp/hard/crt0.o (__libc_init_array)
/opt/Ac6/SystemWorkbench/plugins/fr.ac6.mcu.externaltools.arm-none.linux64_1.15.0.201708311556/tools/compiler/bin/../lib/gcc/arm-none-eabi/6.3.1/../../../../arm-none-eabi/lib/thumb/v7e-m/fpv5-sp/hard/libc_nano.a(lib_a-memset.o)
                              /opt/Ac6/SystemWorkbench/plugins/fr.ac6.mcu.externaltools.arm-none.linux64_1.15.0.201708311556/tools/compiler/bin/../lib/gcc/arm-none-eabi/6.3.1/../../../../arm-none-eabi/lib/thumb/v7e-m/fpv5-sp/hard/crt0.o (memset)
/opt/Ac6/SystemWorkbench/plugins/fr.ac6.mcu.externaltools.arm-none.linux64_1.15.0.201708311556/tools/compiler/bin/../lib/gcc/arm-none-eabi/6.3.1/../../../../arm-none-eabi/lib/thumb/v7e-m/fpv5-sp/hard/libnosys.a(_exit.o)
                              /opt/Ac6/SystemWorkbench/plugins/fr.ac6.mcu.externaltools.arm-none.linux64_1.15.0.201708311556/tools/compiler/bin/../lib/gcc/arm-none-eabi/6.3.1/../../../../arm-none-eabi/lib/thumb/v7e-m/fpv5-sp/hard/libc_nano.a(lib_a-exit.o) (_exit)

Allocating common symbols
Common symbol       size              file

uwTick              0x4               Drivers/STM32F7xx_HAL_Driver/Src/stm32f7xx_hal.o
pFlash              0x1c              Drivers/STM32F7xx_HAL_Driver/Src/stm32f7xx_hal_flash.o
hltdc               0xa8              Src/main.o
hrng                0xc               Src/main.o

Discarded input sections

 .text          0x0000000000000000        0x0 /opt/Ac6/SystemWorkbench/plugins/fr.ac6.mcu.externaltools.arm-none.linux64_1.15.0.201708311556/tools/compiler/bin/../lib/gcc/arm-none-eabi/6.3.1/thumb/v7e-m/fpv5-sp/hard/crti.o
 .data          0x0000000000000000        0x0 /opt/Ac6/SystemWorkbench/plugins/fr.ac6.mcu.externaltools.arm-none.linux64_1.15.0.201708311556/tools/compiler/bin/../lib/gcc/arm-none-eabi/6.3.1/thumb/v7e-m/fpv5-sp/hard/crti.o
 .bss           0x0000000000000000        0x0 /opt/Ac6/SystemWorkbench/plugins/fr.ac6.mcu.externaltools.arm-none.linux64_1.15.0.201708311556/tools/compiler/bin/../lib/gcc/arm-none-eabi/6.3.1/thumb/v7e-m/fpv5-sp/hard/crti.o
 .data          0x0000000000000000        0x4 /opt/Ac6/SystemWorkbench/plugins/fr.ac6.mcu.externaltools.arm-none.linux64_1.15.0.201708311556/tools/compiler/bin/../lib/gcc/arm-none-eabi/6.3.1/thumb/v7e-m/fpv5-sp/hard/crtbegin.o
[...]
Memory Configuration

Name             Origin             Length             Attributes
RAM              0x0000000020000000 0x0000000000050000 xrw
FLASH            0x0000000008000000 0x0000000000100000 xr
*default*        0x0000000000000000 0xffffffffffffffff

Linker script and memory map

LOAD /opt/Ac6/SystemWorkbench/plugins/fr.ac6.mcu.externaltools.arm-none.linux64_1.15.0.201708311556/tools/compiler/bin/../lib/gcc/arm-none-eabi/6.3.1/thumb/v7e-m/fpv5-sp/hard/crti.o
LOAD /opt/Ac6/SystemWorkbench/plugins/fr.ac6.mcu.externaltools.arm-none.linux64_1.15.0.201708311556/tools/compiler/bin/../lib/gcc/arm-none-eabi/6.3.1/thumb/v7e-m/fpv5-sp/hard/crtbegin.o
LOAD /opt/Ac6/SystemWorkbench/plugins/fr.ac6.mcu.externaltools.arm-none.linux64_1.15.0.201708311556/tools/compiler/bin/../lib/gcc/arm-none-eabi/6.3.1/../../../../arm-none-eabi/lib/thumb/v7e-m/fpv5-sp/hard/crt0.o
LOAD Drivers/STM32F7xx_HAL_Driver/Src/stm32f7xx_hal.o
LOAD Drivers/STM32F7xx_HAL_Driver/Src/stm32f7xx_hal_cortex.o
LOAD Drivers/STM32F7xx_HAL_Driver/Src/stm32f7xx_hal_dma.o
LOAD Drivers/STM32F7xx_HAL_Driver/Src/stm32f7xx_hal_dma_ex.o
LOAD Drivers/STM32F7xx_HAL_Driver/Src/stm32f7xx_hal_dsi.o
LOAD Drivers/STM32F7xx_HAL_Driver/Src/stm32f7xx_hal_flash.o
LOAD Drivers/STM32F7xx_HAL_Driver/Src/stm32f7xx_hal_flash_ex.o
LOAD Drivers/STM32F7xx_HAL_Driver/Src/stm32f7xx_hal_gpio.o
LOAD Drivers/STM32F7xx_HAL_Driver/Src/stm32f7xx_hal_i2c.o
LOAD Drivers/STM32F7xx_HAL_Driver/Src/stm32f7xx_hal_i2c_ex.o
LOAD Drivers/STM32F7xx_HAL_Driver/Src/stm32f7xx_hal_ltdc.o
LOAD Drivers/STM32F7xx_HAL_Driver/Src/stm32f7xx_hal_ltdc_ex.o
LOAD Drivers/STM32F7xx_HAL_Driver/Src/stm32f7xx_hal_pwr.o
LOAD Drivers/STM32F7xx_HAL_Driver/Src/stm32f7xx_hal_pwr_ex.o
LOAD Drivers/STM32F7xx_HAL_Driver/Src/stm32f7xx_hal_rcc.o
LOAD Drivers/STM32F7xx_HAL_Driver/Src/stm32f7xx_hal_rcc_ex.o
LOAD Drivers/STM32F7xx_HAL_Driver/Src/stm32f7xx_hal_rng.o
LOAD Drivers/STM32F7xx_HAL_Driver/Src/stm32f7xx_hal_tim.o
LOAD Drivers/STM32F7xx_HAL_Driver/Src/stm32f7xx_hal_tim_ex.o
LOAD Src/font12.o
LOAD Src/font16.o
LOAD Src/font20.o
LOAD Src/font24.o
LOAD Src/font8.o
LOAD Src/ltdc.o
LOAD Src/main.o
LOAD Src/stm32f7xx_hal_msp.o
LOAD Src/stm32f7xx_it.o
LOAD Src/system_stm32f7xx.o
LOAD startup/startup_stm32f746xx.o
LOAD /opt/Ac6/SystemWorkbench/plugins/fr.ac6.mcu.externaltools.arm-none.linux64_1.15.0.201708311556/tools/compiler/bin/../lib/gcc/arm-none-eabi/6.3.1/../../../../arm-none-eabi/lib/thumb/v7e-m/fpv5-sp/hard/libm.a
START GROUP
LOAD /opt/Ac6/SystemWorkbench/plugins/fr.ac6.mcu.externaltools.arm-none.linux64_1.15.0.201708311556/tools/compiler/bin/../lib/gcc/arm-none-eabi/6.3.1/thumb/v7e-m/fpv5-sp/hard/libgcc.a
LOAD /opt/Ac6/SystemWorkbench/plugins/fr.ac6.mcu.externaltools.arm-none.linux64_1.15.0.201708311556/tools/compiler/bin/../lib/gcc/arm-none-eabi/6.3.1/../../../../arm-none-eabi/lib/thumb/v7e-m/fpv5-sp/hard/libc_nano.a
END GROUP
START GROUP
LOAD /opt/Ac6/SystemWorkbench/plugins/fr.ac6.mcu.externaltools.arm-none.linux64_1.15.0.201708311556/tools/compiler/bin/../lib/gcc/arm-none-eabi/6.3.1/thumb/v7e-m/fpv5-sp/hard/libgcc.a
LOAD /opt/Ac6/SystemWorkbench/plugins/fr.ac6.mcu.externaltools.arm-none.linux64_1.15.0.201708311556/tools/compiler/bin/../lib/gcc/arm-none-eabi/6.3.1/../../../../arm-none-eabi/lib/thumb/v7e-m/fpv5-sp/hard/libc_nano.a
LOAD /opt/Ac6/SystemWorkbench/plugins/fr.ac6.mcu.externaltools.arm-none.linux64_1.15.0.201708311556/tools/compiler/bin/../lib/gcc/arm-none-eabi/6.3.1/../../../../arm-none-eabi/lib/thumb/v7e-m/fpv5-sp/hard/libnosys.a
END GROUP
START GROUP
LOAD /opt/Ac6/SystemWorkbench/plugins/fr.ac6.mcu.externaltools.arm-none.linux64_1.15.0.201708311556/tools/compiler/bin/../lib/gcc/arm-none-eabi/6.3.1/thumb/v7e-m/fpv5-sp/hard/libgcc.a
LOAD /opt/Ac6/SystemWorkbench/plugins/fr.ac6.mcu.externaltools.arm-none.linux64_1.15.0.201708311556/tools/compiler/bin/../lib/gcc/arm-none-eabi/6.3.1/../../../../arm-none-eabi/lib/thumb/v7e-m/fpv5-sp/hard/libc_nano.a
LOAD /opt/Ac6/SystemWorkbench/plugins/fr.ac6.mcu.externaltools.arm-none.linux64_1.15.0.201708311556/tools/compiler/bin/../lib/gcc/arm-none-eabi/6.3.1/../../../../arm-none-eabi/lib/thumb/v7e-m/fpv5-sp/hard/libnosys.a
END GROUP
LOAD /opt/Ac6/SystemWorkbench/plugins/fr.ac6.mcu.externaltools.arm-none.linux64_1.15.0.201708311556/tools/compiler/bin/../lib/gcc/arm-none-eabi/6.3.1/thumb/v7e-m/fpv5-sp/hard/crtend.o
LOAD /opt/Ac6/SystemWorkbench/plugins/fr.ac6.mcu.externaltools.arm-none.linux64_1.15.0.201708311556/tools/compiler/bin/../lib/gcc/arm-none-eabi/6.3.1/thumb/v7e-m/fpv5-sp/hard/crtn.o
                0x0000000020050000                _estack = 0x20050000
                0x0000000000002000                _Min_Heap_Size = 0x2000
                0x0000000000004000                _Min_Stack_Size = 0x4000

.isr_vector     0x0000000008000000      0x1c8
                0x0000000008000000                . = ALIGN (0x4)
 *(.isr_vector)
 .isr_vector    0x0000000008000000      0x1c8 startup/startup_stm32f746xx.o
                0x0000000008000000                g_pfnVectors
                0x00000000080001c8                . = ALIGN (0x4)

.text           0x00000000080001c8     0x1e40
                0x00000000080001c8                . = ALIGN (0x4)
 *(.text)
 .text          0x00000000080001c8       0x6c /opt/Ac6/SystemWorkbench/plugins/fr.ac6.mcu.externaltools.arm-none.linux64_1.15.0.201708311556/tools/compiler/bin/../lib/gcc/arm-none-eabi/6.3.1/thumb/v7e-m/fpv5-sp/hard/crtbegin.o
 .text          0x0000000008000234       0x30 /opt/Ac6/SystemWorkbench/plugins/fr.ac6.mcu.externaltools.arm-none.linux64_1.15.0.201708311556/tools/compiler/bin/../lib/gcc/arm-none-eabi/6.3.1/thumb/v7e-m/fpv5-sp/hard/libgcc.a(_aeabi_uldivmod.o)
                0x0000000008000234                __aeabi_uldivmod
 .text          0x0000000008000264      0x2dc /opt/Ac6/SystemWorkbench/plugins/fr.ac6.mcu.externaltools.arm-none.linux64_1.15.0.201708311556/tools/compiler/bin/../lib/gcc/arm-none-eabi/6.3.1/thumb/v7e-m/fpv5-sp/hard/libgcc.a(_udivmoddi4.o)
                0x0000000008000264                __udivmoddi4
 .text          0x0000000008000540        0x4 /opt/Ac6/SystemWorkbench/plugins/fr.ac6.mcu.externaltools.arm-none.linux64_1.15.0.201708311556/tools/compiler/bin/../lib/gcc/arm-none-eabi/6.3.1/thumb/v7e-m/fpv5-sp/hard/libgcc.a(_dvmd_tls.o)
                0x0000000008000540                __aeabi_ldiv0
                0x0000000008000540                __aeabi_idiv0
 *(.text*)
 .text.HAL_InitTick
                0x0000000008000544       0x48 Drivers/STM32F7xx_HAL_Driver/Src/stm32f7xx_hal.o
                0x0000000008000544                HAL_InitTick
 .text.HAL_Init
                0x000000000800058c       0x16 Drivers/STM32F7xx_HAL_Driver/Src/stm32f7xx_hal.o
                0x000000000800058c                HAL_Init
 *fill*         0x00000000080005a2        0x2 
 .text.HAL_IncTick
                0x00000000080005a4       0x18 Drivers/STM32F7xx_HAL_Driver/Src/stm32f7xx_hal.o
                0x00000000080005a4                HAL_IncTick
 .text.HAL_GetTick
                0x00000000080005bc        0xc Drivers/STM32F7xx_HAL_Driver/Src/stm32f7xx_hal.o
                0x00000000080005bc                HAL_GetTick
 .text.HAL_Delay
                0x00000000080005c8       0x28 Drivers/STM32F7xx_HAL_Driver/Src/stm32f7xx_hal.o
                0x00000000080005c8                HAL_Delay
 .text.HAL_NVIC_SetPriorityGrouping
                0x00000000080005f0       0x24 Drivers/STM32F7xx_HAL_Driver/Src/stm32f7xx_hal_cortex.o
                0x00000000080005f0                HAL_NVIC_SetPriorityGrouping
 .text.HAL_NVIC_SetPriority
                0x0000000008000614       0x60 Drivers/STM32F7xx_HAL_Driver/Src/stm32f7xx_hal_cortex.o
                0x0000000008000614                HAL_NVIC_SetPriority
 .text.HAL_NVIC_EnableIRQ
                0x0000000008000674       0x18 Drivers/STM32F7xx_HAL_Driver/Src/stm32f7xx_hal_cortex.o
                0x0000000008000674                HAL_NVIC_EnableIRQ
 .text.HAL_SYSTICK_Config
                0x000000000800068c       0x2c Drivers/STM32F7xx_HAL_Driver/Src/stm32f7xx_hal_cortex.o
                0x000000000800068c                HAL_SYSTICK_Config
 .text.HAL_MPU_Disable
                0x00000000080006b8       0x20 Drivers/STM32F7xx_HAL_Driver/Src/stm32f7xx_hal_cortex.o
                0x00000000080006b8                HAL_MPU_Disable
 .text.HAL_MPU_Enable
                0x00000000080006d8       0x24 Drivers/STM32F7xx_HAL_Driver/Src/stm32f7xx_hal_cortex.o
                0x00000000080006d8                HAL_MPU_Enable
 .text.HAL_MPU_ConfigRegion
                0x00000000080006fc       0x54 Drivers/STM32F7xx_HAL_Driver/Src/stm32f7xx_hal_cortex.o
                0x00000000080006fc                HAL_MPU_ConfigRegion
 .text.HAL_SYSTICK_CLKSourceConfig
                0x0000000008000750       0x20 Drivers/STM32F7xx_HAL_Driver/Src/stm32f7xx_hal_cortex.o
                0x0000000008000750                HAL_SYSTICK_CLKSourceConfig
 .text.HAL_SYSTICK_Callback
                0x0000000008000770        0x2 Drivers/STM32F7xx_HAL_Driver/Src/stm32f7xx_hal_cortex.o
                0x0000000008000770                HAL_SYSTICK_Callback
 .text.HAL_SYSTICK_IRQHandler
                0x0000000008000772        0x8 Drivers/STM32F7xx_HAL_Driver/Src/stm32f7xx_hal_cortex.o
                0x0000000008000772                HAL_SYSTICK_IRQHandler
 *fill*         0x000000000800077a        0x2 
 .text.HAL_GPIO_Init
                0x000000000800077c      0x1dc Drivers/STM32F7xx_HAL_Driver/Src/stm32f7xx_hal_gpio.o
                0x000000000800077c                HAL_GPIO_Init
 .text.HAL_GPIO_WritePin
                0x0000000008000958        0xc Drivers/STM32F7xx_HAL_Driver/Src/stm32f7xx_hal_gpio.o
                0x0000000008000958                HAL_GPIO_WritePin
 .text.HAL_GPIO_EXTI_IRQHandler
                0x0000000008000964       0x1c Drivers/STM32F7xx_HAL_Driver/Src/stm32f7xx_hal_gpio.o
                0x0000000008000964                HAL_GPIO_EXTI_IRQHandler
 .text.LTDC_SetConfig
                0x0000000008000980      0x190 Drivers/STM32F7xx_HAL_Driver/Src/stm32f7xx_hal_ltdc.o
 .text.HAL_LTDC_Init
                0x0000000008000b10       0xfc Drivers/STM32F7xx_HAL_Driver/Src/stm32f7xx_hal_ltdc.o
                0x0000000008000b10                HAL_LTDC_Init
 .text.HAL_LTDC_ConfigLayer
                0x0000000008000c0c       0x5c Drivers/STM32F7xx_HAL_Driver/Src/stm32f7xx_hal_ltdc.o
                0x0000000008000c0c                HAL_LTDC_ConfigLayer
 .text.HAL_LTDC_SetAddress
                0x0000000008000c68       0x42 Drivers/STM32F7xx_HAL_Driver/Src/stm32f7xx_hal_ltdc.o
                0x0000000008000c68                HAL_LTDC_SetAddress
 *fill*         0x0000000008000caa        0x2 
 .text.HAL_PWREx_EnableOverDrive
                0x0000000008000cac       0x7c Drivers/STM32F7xx_HAL_Driver/Src/stm32f7xx_hal_pwr_ex.o
                0x0000000008000cac                HAL_PWREx_EnableOverDrive
 .text.HAL_RCC_OscConfig
                0x0000000008000d28      0x3d4 Drivers/STM32F7xx_HAL_Driver/Src/stm32f7xx_hal_rcc.o
                0x0000000008000d28                HAL_RCC_OscConfig
 .text.HAL_RCC_GetSysClockFreq
                0x00000000080010fc       0xa4 Drivers/STM32F7xx_HAL_Driver/Src/stm32f7xx_hal_rcc.o
                0x00000000080010fc                HAL_RCC_GetSysClockFreq
 .text.HAL_RCC_ClockConfig
                0x00000000080011a0      0x164 Drivers/STM32F7xx_HAL_Driver/Src/stm32f7xx_hal_rcc.o
                0x00000000080011a0                HAL_RCC_ClockConfig
 .text.HAL_RCC_GetHCLKFreq
                0x0000000008001304        0xc Drivers/STM32F7xx_HAL_Driver/Src/stm32f7xx_hal_rcc.o
                0x0000000008001304                HAL_RCC_GetHCLKFreq
 .text.HAL_RCCEx_PeriphCLKConfig
                0x0000000008001310      0x5ac Drivers/STM32F7xx_HAL_Driver/Src/stm32f7xx_hal_rcc_ex.o
                0x0000000008001310                HAL_RCCEx_PeriphCLKConfig
 .text.HAL_RNG_Init
                0x00000000080018bc       0x2c Drivers/STM32F7xx_HAL_Driver/Src/stm32f7xx_hal_rng.o
                0x00000000080018bc                HAL_RNG_Init
 .text.HAL_RNG_GenerateRandomNumber
                0x00000000080018e8       0x5c Drivers/STM32F7xx_HAL_Driver/Src/stm32f7xx_hal_rng.o
                0x00000000080018e8                HAL_RNG_GenerateRandomNumber
 .text.HAL_RNG_GetRandomNumber
                0x0000000008001944       0x14 Drivers/STM32F7xx_HAL_Driver/Src/stm32f7xx_hal_rng.o
                0x0000000008001944                HAL_RNG_GetRandomNumber
 .text.TFT_FillScreen
                0x0000000008001958       0x2c Src/ltdc.o
                0x0000000008001958                TFT_FillScreen
 .text.MPU_Config
                0x0000000008001984       0x54 Src/main.o
 .text.MX_GPIO_Init
                0x00000000080019d8       0xf4 Src/main.o
 .text.MX_NVIC_Init
                0x0000000008001acc       0x14 Src/main.o
 .text.HAL_GPIO_EXTI_Callback
                0x0000000008001ae0       0x14 Src/main.o
                0x0000000008001ae0                HAL_GPIO_EXTI_Callback
 .text._Error_Handler
                0x0000000008001af4        0x2 Src/main.o
                0x0000000008001af4                _Error_Handler
 *fill*         0x0000000008001af6        0x2 
 .text.MX_LTDC_Init
                0x0000000008001af8       0xb8 Src/main.o
 .text.MX_RNG_Init
                0x0000000008001bb0       0x28 Src/main.o
 .text.SystemClock_Config
                0x0000000008001bd8      0x108 Src/main.o
                0x0000000008001bd8                SystemClock_Config
 .text.main     0x0000000008001ce0       0xbc Src/main.o
                0x0000000008001ce0                main
 .text.HAL_MspInit
                0x0000000008001d9c       0x5e Src/stm32f7xx_hal_msp.o
                0x0000000008001d9c                HAL_MspInit
 *fill*         0x0000000008001dfa        0x2 
 .text.HAL_LTDC_MspInit
                0x0000000008001dfc       0xb4 Src/stm32f7xx_hal_msp.o
                0x0000000008001dfc                HAL_LTDC_MspInit
 .text.HAL_RNG_MspInit
                0x0000000008001eb0       0x2c Src/stm32f7xx_hal_msp.o
                0x0000000008001eb0                HAL_RNG_MspInit
 .text.NMI_Handler
                0x0000000008001edc        0x2 Src/stm32f7xx_it.o
                0x0000000008001edc                NMI_Handler
 .text.HardFault_Handler
                0x0000000008001ede        0x2 Src/stm32f7xx_it.o
                0x0000000008001ede                HardFault_Handler
 .text.MemManage_Handler
                0x0000000008001ee0        0x2 Src/stm32f7xx_it.o
                0x0000000008001ee0                MemManage_Handler
 .text.BusFault_Handler
                0x0000000008001ee2        0x2 Src/stm32f7xx_it.o
                0x0000000008001ee2                BusFault_Handler
 .text.UsageFault_Handler
                0x0000000008001ee4        0x2 Src/stm32f7xx_it.o
                0x0000000008001ee4                UsageFault_Handler
 .text.SVC_Handler
                0x0000000008001ee6        0x2 Src/stm32f7xx_it.o
                0x0000000008001ee6                SVC_Handler
 .text.DebugMon_Handler
                0x0000000008001ee8        0x2 Src/stm32f7xx_it.o
                0x0000000008001ee8                DebugMon_Handler
 .text.PendSV_Handler
                0x0000000008001eea        0x2 Src/stm32f7xx_it.o
                0x0000000008001eea                PendSV_Handler
 .text.SysTick_Handler
                0x0000000008001eec        0xc Src/stm32f7xx_it.o
                0x0000000008001eec                SysTick_Handler
 .text.EXTI15_10_IRQHandler
                0x0000000008001ef8        0xc Src/stm32f7xx_it.o
                0x0000000008001ef8                EXTI15_10_IRQHandler
 .text.SystemInit
                0x0000000008001f04       0x50 Src/system_stm32f7xx.o
                0x0000000008001f04                SystemInit
 .text.Reset_Handler
                0x0000000008001f54       0x50 startup/startup_stm32f746xx.o
                0x0000000008001f54                Reset_Handler
 .text.Default_Handler
                0x0000000008001fa4        0x2 startup/startup_stm32f746xx.o
                0x0000000008001fa4                RTC_Alarm_IRQHandler
                0x0000000008001fa4                EXTI2_IRQHandler
                0x0000000008001fa4                TIM8_CC_IRQHandler
                0x0000000008001fa4                UART8_IRQHandler
                0x0000000008001fa4                SPI4_IRQHandler
                0x0000000008001fa4                TIM1_CC_IRQHandler
                0x0000000008001fa4                DMA2_Stream5_IRQHandler
                0x0000000008001fa4                DMA1_Stream5_IRQHandler
                0x0000000008001fa4                PVD_IRQHandler
                0x0000000008001fa4                TAMP_STAMP_IRQHandler
                0x0000000008001fa4                CAN2_RX1_IRQHandler
                0x0000000008001fa4                EXTI3_IRQHandler
                0x0000000008001fa4                TIM8_TRG_COM_TIM14_IRQHandler
                0x0000000008001fa4                TIM1_UP_TIM10_IRQHandler
                0x0000000008001fa4                TIM8_UP_TIM13_IRQHandler
                0x0000000008001fa4                I2C3_ER_IRQHandler
                0x0000000008001fa4                EXTI0_IRQHandler
                0x0000000008001fa4                I2C2_EV_IRQHandler
                0x0000000008001fa4                DMA1_Stream2_IRQHandler
                0x0000000008001fa4                CAN1_RX0_IRQHandler
                0x0000000008001fa4                FPU_IRQHandler
                0x0000000008001fa4                OTG_HS_WKUP_IRQHandler
                0x0000000008001fa4                LTDC_ER_IRQHandler
                0x0000000008001fa4                CAN2_SCE_IRQHandler
                0x0000000008001fa4                DMA2_Stream2_IRQHandler
                0x0000000008001fa4                SPI1_IRQHandler
                0x0000000008001fa4                TIM6_DAC_IRQHandler
                0x0000000008001fa4                TIM1_BRK_TIM9_IRQHandler
                0x0000000008001fa4                DCMI_IRQHandler
                0x0000000008001fa4                CAN2_RX0_IRQHandler
                0x0000000008001fa4                DMA2_Stream3_IRQHandler
                0x0000000008001fa4                SAI2_IRQHandler
                0x0000000008001fa4                USART6_IRQHandler
                0x0000000008001fa4                USART3_IRQHandler
                0x0000000008001fa4                CAN1_RX1_IRQHandler
                0x0000000008001fa4                UART5_IRQHandler
                0x0000000008001fa4                DMA2_Stream0_IRQHandler
                0x0000000008001fa4                TIM4_IRQHandler
                0x0000000008001fa4                QUADSPI_IRQHandler
                0x0000000008001fa4                I2C1_EV_IRQHandler
                0x0000000008001fa4                DMA1_Stream6_IRQHandler
                0x0000000008001fa4                DMA1_Stream1_IRQHandler
                0x0000000008001fa4                UART4_IRQHandler
                0x0000000008001fa4                TIM3_IRQHandler
                0x0000000008001fa4                RCC_IRQHandler
                0x0000000008001fa4                TIM8_BRK_TIM12_IRQHandler
                0x0000000008001fa4                Default_Handler
                0x0000000008001fa4                CEC_IRQHandler
                0x0000000008001fa4                ADC_IRQHandler
                0x0000000008001fa4                DMA1_Stream7_IRQHandler
                0x0000000008001fa4                SPI5_IRQHandler
                0x0000000008001fa4                TIM7_IRQHandler
                0x0000000008001fa4                SDMMC1_IRQHandler
                0x0000000008001fa4                CAN2_TX_IRQHandler
                0x0000000008001fa4                TIM5_IRQHandler
                0x0000000008001fa4                DMA2_Stream7_IRQHandler
                0x0000000008001fa4                I2C3_EV_IRQHandler
                0x0000000008001fa4                EXTI9_5_IRQHandler
                0x0000000008001fa4                RTC_WKUP_IRQHandler
                0x0000000008001fa4                LTDC_IRQHandler
                0x0000000008001fa4                ETH_WKUP_IRQHandler
                0x0000000008001fa4                SPDIF_RX_IRQHandler
                0x0000000008001fa4                SPI2_IRQHandler
                0x0000000008001fa4                OTG_HS_EP1_IN_IRQHandler
                0x0000000008001fa4                DMA1_Stream0_IRQHandler
                0x0000000008001fa4                CAN1_TX_IRQHandler
                0x0000000008001fa4                EXTI4_IRQHandler
                0x0000000008001fa4                RNG_IRQHandler
                0x0000000008001fa4                ETH_IRQHandler
                0x0000000008001fa4                OTG_HS_EP1_OUT_IRQHandler
                0x0000000008001fa4                WWDG_IRQHandler
                0x0000000008001fa4                SPI6_IRQHandler
                0x0000000008001fa4                I2C4_EV_IRQHandler
                0x0000000008001fa4                TIM2_IRQHandler
                0x0000000008001fa4                OTG_FS_WKUP_IRQHandler
                0x0000000008001fa4                TIM1_TRG_COM_TIM11_IRQHandler
                0x0000000008001fa4                OTG_HS_IRQHandler
                0x0000000008001fa4                DMA2D_IRQHandler
                0x0000000008001fa4                EXTI1_IRQHandler
                0x0000000008001fa4                UART7_IRQHandler
                0x0000000008001fa4                USART2_IRQHandler
                0x0000000008001fa4                I2C2_ER_IRQHandler
                0x0000000008001fa4                DMA2_Stream1_IRQHandler
                0x0000000008001fa4                CAN1_SCE_IRQHandler
                0x0000000008001fa4                FLASH_IRQHandler
                0x0000000008001fa4                DMA2_Stream4_IRQHandler
                0x0000000008001fa4                USART1_IRQHandler
                0x0000000008001fa4                OTG_FS_IRQHandler
                0x0000000008001fa4                SPI3_IRQHandler
                0x0000000008001fa4                DMA1_Stream4_IRQHandler
                0x0000000008001fa4                I2C1_ER_IRQHandler
                0x0000000008001fa4                FMC_IRQHandler
                0x0000000008001fa4                LPTIM1_IRQHandler
                0x0000000008001fa4                I2C4_ER_IRQHandler
                0x0000000008001fa4                DMA2_Stream6_IRQHandler
                0x0000000008001fa4                SAI1_IRQHandler
                0x0000000008001fa4                DMA1_Stream3_IRQHandler
 *fill*         0x0000000008001fa6        0x2 
 .text.__libc_init_array
                0x0000000008001fa8       0x48 /opt/Ac6/SystemWorkbench/plugins/fr.ac6.mcu.externaltools.arm-none.linux64_1.15.0.201708311556/tools/compiler/bin/../lib/gcc/arm-none-eabi/6.3.1/../../../../arm-none-eabi/lib/thumb/v7e-m/fpv5-sp/hard/libc_nano.a(lib_a-init.o)
                0x0000000008001fa8                __libc_init_array
 *(.glue_7)
 .glue_7        0x0000000008001ff0        0x0 linker stubs
 *(.glue_7t)
 .glue_7t       0x0000000008001ff0        0x0 linker stubs
 *(.eh_frame)
 .eh_frame      0x0000000008001ff0        0x0 /opt/Ac6/SystemWorkbench/plugins/fr.ac6.mcu.externaltools.arm-none.linux64_1.15.0.201708311556/tools/compiler/bin/../lib/gcc/arm-none-eabi/6.3.1/thumb/v7e-m/fpv5-sp/hard/crtbegin.o
 *(.init)
 .init          0x0000000008001ff0        0x4 /opt/Ac6/SystemWorkbench/plugins/fr.ac6.mcu.externaltools.arm-none.linux64_1.15.0.201708311556/tools/compiler/bin/../lib/gcc/arm-none-eabi/6.3.1/thumb/v7e-m/fpv5-sp/hard/crti.o
                0x0000000008001ff0                _init
 .init          0x0000000008001ff4        0x8 /opt/Ac6/SystemWorkbench/plugins/fr.ac6.mcu.externaltools.arm-none.linux64_1.15.0.201708311556/tools/compiler/bin/../lib/gcc/arm-none-eabi/6.3.1/thumb/v7e-m/fpv5-sp/hard/crtn.o
 *(.fini)
 .fini          0x0000000008001ffc        0x4 /opt/Ac6/SystemWorkbench/plugins/fr.ac6.mcu.externaltools.arm-none.linux64_1.15.0.201708311556/tools/compiler/bin/../lib/gcc/arm-none-eabi/6.3.1/thumb/v7e-m/fpv5-sp/hard/crti.o
                0x0000000008001ffc                _fini
 .fini          0x0000000008002000        0x8 /opt/Ac6/SystemWorkbench/plugins/fr.ac6.mcu.externaltools.arm-none.linux64_1.15.0.201708311556/tools/compiler/bin/../lib/gcc/arm-none-eabi/6.3.1/thumb/v7e-m/fpv5-sp/hard/crtn.o
                0x0000000008002008                . = ALIGN (0x4)
                0x0000000008002008                _etext = .

.vfp11_veneer   0x0000000008002008        0x0
 .vfp11_veneer  0x0000000008002008        0x0 linker stubs

.v4_bx          0x0000000008002008        0x0
 .v4_bx         0x0000000008002008        0x0 linker stubs

.iplt           0x0000000008002008        0x0
 .iplt          0x0000000008002008        0x0 /opt/Ac6/SystemWorkbench/plugins/fr.ac6.mcu.externaltools.arm-none.linux64_1.15.0.201708311556/tools/compiler/bin/../lib/gcc/arm-none-eabi/6.3.1/thumb/v7e-m/fpv5-sp/hard/crtbegin.o

.rodata         0x0000000008002008       0x28
                0x0000000008002008                . = ALIGN (0x4)
 *(.rodata)
 .rodata        0x0000000008002008       0x18 Src/system_stm32f7xx.o
                0x0000000008002008                AHBPrescTable
                0x0000000008002018                APBPrescTable
 *(.rodata*)
 .rodata.str1.4
                0x0000000008002020       0x10 Src/main.o
                                          0xe (size before relaxing)
                0x0000000008002030                . = ALIGN (0x4)

.ARM.extab
 *(.ARM.extab* .gnu.linkonce.armextab.*)

.ARM            0x0000000008002030        0x8
                0x0000000008002030                __exidx_start = .
 *(.ARM.exidx*)
 .ARM.exidx     0x0000000008002030        0x8 /opt/Ac6/SystemWorkbench/plugins/fr.ac6.mcu.externaltools.arm-none.linux64_1.15.0.201708311556/tools/compiler/bin/../lib/gcc/arm-none-eabi/6.3.1/thumb/v7e-m/fpv5-sp/hard/libgcc.a(_udivmoddi4.o)
                0x0000000008002038                __exidx_end = .

.rel.dyn        0x0000000008002038        0x0
 .rel.iplt      0x0000000008002038        0x0 /opt/Ac6/SystemWorkbench/plugins/fr.ac6.mcu.externaltools.arm-none.linux64_1.15.0.201708311556/tools/compiler/bin/../lib/gcc/arm-none-eabi/6.3.1/thumb/v7e-m/fpv5-sp/hard/crtbegin.o

.preinit_array  0x0000000008002038        0x0
                0x0000000008002038                PROVIDE (__preinit_array_start, .)
 *(.preinit_array*)
                0x0000000008002038                PROVIDE (__preinit_array_end, .)

.init_array     0x0000000008002038        0x4
                0x0000000008002038                PROVIDE (__init_array_start, .)
 *(SORT(.init_array.*))
 *(.init_array*)
 .init_array    0x0000000008002038        0x4 /opt/Ac6/SystemWorkbench/plugins/fr.ac6.mcu.externaltools.arm-none.linux64_1.15.0.201708311556/tools/compiler/bin/../lib/gcc/arm-none-eabi/6.3.1/thumb/v7e-m/fpv5-sp/hard/crtbegin.o
                0x000000000800203c                PROVIDE (__init_array_end, .)

.fini_array     0x000000000800203c        0x4
                [!provide]                        PROVIDE (__fini_array_start, .)
 *(SORT(.fini_array.*))
 *(.fini_array*)
 .fini_array    0x000000000800203c        0x4 /opt/Ac6/SystemWorkbench/plugins/fr.ac6.mcu.externaltools.arm-none.linux64_1.15.0.201708311556/tools/compiler/bin/../lib/gcc/arm-none-eabi/6.3.1/thumb/v7e-m/fpv5-sp/hard/crtbegin.o
                [!provide]                        PROVIDE (__fini_array_end, .)
                0x0000000008002040                _sidata = LOADADDR (.data)

.data           0x0000000020000000        0xc load address 0x0000000008002040
                0x0000000020000000                . = ALIGN (0x4)
                0x0000000020000000                _sdata = .
 *(.data)
 .data          0x0000000020000000        0x8 Drivers/STM32F7xx_HAL_Driver/Src/stm32f7xx_hal.o
                0x0000000020000000                uwTickFreq
                0x0000000020000004                uwTickPrio
 .data          0x0000000020000008        0x4 Src/system_stm32f7xx.o
                0x0000000020000008                SystemCoreClock
 *(.data*)
                0x000000002000000c                . = ALIGN (0x4)
                0x000000002000000c                _edata = .

.jcr            0x000000002000000c        0x0 load address 0x000000000800204c
 .jcr           0x000000002000000c        0x0 /opt/Ac6/SystemWorkbench/plugins/fr.ac6.mcu.externaltools.arm-none.linux64_1.15.0.201708311556/tools/compiler/bin/../lib/gcc/arm-none-eabi/6.3.1/thumb/v7e-m/fpv5-sp/hard/crtbegin.o

.igot.plt       0x000000002000000c        0x0 load address 0x000000000800204c
 .igot.plt      0x000000002000000c        0x0 /opt/Ac6/SystemWorkbench/plugins/fr.ac6.mcu.externaltools.arm-none.linux64_1.15.0.201708311556/tools/compiler/bin/../lib/gcc/arm-none-eabi/6.3.1/thumb/v7e-m/fpv5-sp/hard/crtbegin.o
                0x000000002000000c                . = ALIGN (0x4)

.bss            0x000000002000000c    0x3fcd4 load address 0x000000000800204c
                0x000000002000000c                _sbss = .
                0x000000002000000c                __bss_start__ = _sbss
 *(.bss)
 .bss           0x000000002000000c       0x1c /opt/Ac6/SystemWorkbench/plugins/fr.ac6.mcu.externaltools.arm-none.linux64_1.15.0.201708311556/tools/compiler/bin/../lib/gcc/arm-none-eabi/6.3.1/thumb/v7e-m/fpv5-sp/hard/crtbegin.o
 .bss           0x0000000020000028    0x3fc00 Src/main.o
                0x0000000020000028                RGB565_480x272
 *(.bss*)
 *(COMMON)
 COMMON         0x000000002003fc28        0x4 Drivers/STM32F7xx_HAL_Driver/Src/stm32f7xx_hal.o
                0x000000002003fc28                uwTick
 COMMON         0x000000002003fc2c       0xb4 Src/main.o
                0x000000002003fc2c                hltdc
                0x000000002003fcd4                hrng
                0x000000002003fce0                . = ALIGN (0x4)
                0x000000002003fce0                _ebss = .
                0x000000002003fce0                __bss_end__ = _ebss

._user_heap_stack
                0x000000002003fce0     0x6000 load address 0x000000000800204c
                0x000000002003fce0                . = ALIGN (0x8)
                [!provide]                        PROVIDE (end, .)
                [!provide]                        PROVIDE (_end, .)
                0x0000000020041ce0                . = (. + _Min_Heap_Size)
 *fill*         0x000000002003fce0     0x2000 
                0x0000000020045ce0                . = (. + _Min_Stack_Size)
 *fill*         0x0000000020041ce0     0x4000 
                0x0000000020045ce0                . = ALIGN (0x8)

/DISCARD/
 libc.a(*)
 libm.a(*)
 libgcc.a(*)

.ARM.attributes
                0x0000000000000000       0x30
 *(.ARM.attributes)
 .ARM.attributes
                0x0000000000000000       0x22 /opt/Ac6/SystemWorkbench/plugins/fr.ac6.mcu.externaltools.arm-none.linux64_1.15.0.201708311556/tools/compiler/bin/../lib/gcc/arm-none-eabi/6.3.1/thumb/v7e-m/fpv5-sp/hard/crti.o
 .ARM.attributes
                0x0000000000000022       0x34 /opt/Ac6/SystemWorkbench/plugins/fr.ac6.mcu.externaltools.arm-none.linux64_1.15.0.201708311556/tools/compiler/bin/../lib/gcc/arm-none-eabi/6.3.1/thumb/v7e-m/fpv5-sp/hard/crtbegin.o
 .ARM.attributes
                0x0000000000000056       0x39 Drivers/STM32F7xx_HAL_Driver/Src/stm32f7xx_hal.o
 .ARM.attributes
                0x000000000000008f       0x39 Drivers/STM32F7xx_HAL_Driver/Src/stm32f7xx_hal_cortex.o
 .ARM.attributes
                0x00000000000000c8       0x39 Drivers/STM32F7xx_HAL_Driver/Src/stm32f7xx_hal_gpio.o
 .ARM.attributes
                0x0000000000000101       0x39 Drivers/STM32F7xx_HAL_Driver/Src/stm32f7xx_hal_ltdc.o
 .ARM.attributes
                0x000000000000013a       0x39 Drivers/STM32F7xx_HAL_Driver/Src/stm32f7xx_hal_pwr_ex.o
 .ARM.attributes
                0x0000000000000173       0x39 Drivers/STM32F7xx_HAL_Driver/Src/stm32f7xx_hal_rcc.o
 .ARM.attributes
                0x00000000000001ac       0x39 Drivers/STM32F7xx_HAL_Driver/Src/stm32f7xx_hal_rcc_ex.o
 .ARM.attributes
                0x00000000000001e5       0x39 Drivers/STM32F7xx_HAL_Driver/Src/stm32f7xx_hal_rng.o
 .ARM.attributes
                0x000000000000021e       0x39 Src/ltdc.o
 .ARM.attributes
                0x0000000000000257       0x39 Src/main.o
 .ARM.attributes
                0x0000000000000290       0x39 Src/stm32f7xx_hal_msp.o
 .ARM.attributes
                0x00000000000002c9       0x39 Src/stm32f7xx_it.o
 .ARM.attributes
                0x0000000000000302       0x39 Src/system_stm32f7xx.o
 .ARM.attributes
                0x000000000000033b       0x21 startup/startup_stm32f746xx.o
 .ARM.attributes
                0x000000000000035c       0x22 /opt/Ac6/SystemWorkbench/plugins/fr.ac6.mcu.externaltools.arm-none.linux64_1.15.0.201708311556/tools/compiler/bin/../lib/gcc/arm-none-eabi/6.3.1/thumb/v7e-m/fpv5-sp/hard/libgcc.a(_aeabi_uldivmod.o)
 .ARM.attributes
                0x000000000000037e       0x34 /opt/Ac6/SystemWorkbench/plugins/fr.ac6.mcu.externaltools.arm-none.linux64_1.15.0.201708311556/tools/compiler/bin/../lib/gcc/arm-none-eabi/6.3.1/thumb/v7e-m/fpv5-sp/hard/libgcc.a(_udivmoddi4.o)
 .ARM.attributes
                0x00000000000003b2       0x22 /opt/Ac6/SystemWorkbench/plugins/fr.ac6.mcu.externaltools.arm-none.linux64_1.15.0.201708311556/tools/compiler/bin/../lib/gcc/arm-none-eabi/6.3.1/thumb/v7e-m/fpv5-sp/hard/libgcc.a(_dvmd_tls.o)
 .ARM.attributes
                0x00000000000003d4       0x34 /opt/Ac6/SystemWorkbench/plugins/fr.ac6.mcu.externaltools.arm-none.linux64_1.15.0.201708311556/tools/compiler/bin/../lib/gcc/arm-none-eabi/6.3.1/../../../../arm-none-eabi/lib/thumb/v7e-m/fpv5-sp/hard/libc_nano.a(lib_a-init.o)
 .ARM.attributes
                0x0000000000000408       0x22 /opt/Ac6/SystemWorkbench/plugins/fr.ac6.mcu.externaltools.arm-none.linux64_1.15.0.201708311556/tools/compiler/bin/../lib/gcc/arm-none-eabi/6.3.1/thumb/v7e-m/fpv5-sp/hard/crtn.o
OUTPUT(lcd.elf elf32-littlearm)

.debug_info     0x0000000000000000     0xfc19
 .debug_info    0x0000000000000000     0x1280 Drivers/STM32F7xx_HAL_Driver/Src/stm32f7xx_hal.o
 .debug_info    0x0000000000001280     0x197c Drivers/STM32F7xx_HAL_Driver/Src/stm32f7xx_hal_cortex.o
 .debug_info    0x0000000000002bfc      0xfbe Drivers/STM32F7xx_HAL_Driver/Src/stm32f7xx_hal_gpio.o
 .debug_info    0x0000000000003bba     0x1b44 Drivers/STM32F7xx_HAL_Driver/Src/stm32f7xx_hal_ltdc.o
 .debug_info    0x00000000000056fe     0x1250 Drivers/STM32F7xx_HAL_Driver/Src/stm32f7xx_hal_pwr_ex.o
 .debug_info    0x000000000000694e     0x1310 Drivers/STM32F7xx_HAL_Driver/Src/stm32f7xx_hal_rcc.o
 .debug_info    0x0000000000007c5e     0x107e Drivers/STM32F7xx_HAL_Driver/Src/stm32f7xx_hal_rcc_ex.o
 .debug_info    0x0000000000008cdc      0xd5b Drivers/STM32F7xx_HAL_Driver/Src/stm32f7xx_hal_rng.o
 .debug_info    0x0000000000009a37      0xfce Src/ltdc.o
 .debug_info    0x000000000000aa05     0x2243 Src/main.o
 .debug_info    0x000000000000cc48     0x15f9 Src/stm32f7xx_hal_msp.o
 .debug_info    0x000000000000e241      0xa52 Src/stm32f7xx_it.o
 .debug_info    0x000000000000ec93      0xf19 Src/system_stm32f7xx.o
 .debug_info    0x000000000000fbac       0x6d startup/startup_stm32f746xx.o

.debug_abbrev   0x0000000000000000     0x2449
 .debug_abbrev  0x0000000000000000      0x2e3 Drivers/STM32F7xx_HAL_Driver/Src/stm32f7xx_hal.o
 .debug_abbrev  0x00000000000002e3      0x3d4 Drivers/STM32F7xx_HAL_Driver/Src/stm32f7xx_hal_cortex.o
 .debug_abbrev  0x00000000000006b7      0x2a5 Drivers/STM32F7xx_HAL_Driver/Src/stm32f7xx_hal_gpio.o
 .debug_abbrev  0x000000000000095c      0x2e9 Drivers/STM32F7xx_HAL_Driver/Src/stm32f7xx_hal_ltdc.o
 .debug_abbrev  0x0000000000000c45      0x2d9 Drivers/STM32F7xx_HAL_Driver/Src/stm32f7xx_hal_pwr_ex.o
 .debug_abbrev  0x0000000000000f1e      0x2ff Drivers/STM32F7xx_HAL_Driver/Src/stm32f7xx_hal_rcc.o
 .debug_abbrev  0x000000000000121d      0x29c Drivers/STM32F7xx_HAL_Driver/Src/stm32f7xx_hal_rcc_ex.o
 .debug_abbrev  0x00000000000014b9      0x2cf Drivers/STM32F7xx_HAL_Driver/Src/stm32f7xx_hal_rng.o
 .debug_abbrev  0x0000000000001788      0x2a5 Src/ltdc.o
 .debug_abbrev  0x0000000000001a2d      0x37f Src/main.o
 .debug_abbrev  0x0000000000001dac      0x26a Src/stm32f7xx_hal_msp.o
 .debug_abbrev  0x0000000000002016      0x20f Src/stm32f7xx_it.o
 .debug_abbrev  0x0000000000002225      0x212 Src/system_stm32f7xx.o
 .debug_abbrev  0x0000000000002437       0x12 startup/startup_stm32f746xx.o

.debug_loc      0x0000000000000000     0x3554
 .debug_loc     0x0000000000000000      0x108 Drivers/STM32F7xx_HAL_Driver/Src/stm32f7xx_hal.o
 .debug_loc     0x0000000000000108      0x5c0 Drivers/STM32F7xx_HAL_Driver/Src/stm32f7xx_hal_cortex.o
 .debug_loc     0x00000000000006c8      0x409 Drivers/STM32F7xx_HAL_Driver/Src/stm32f7xx_hal_gpio.o
 .debug_loc     0x0000000000000ad1     0x1559 Drivers/STM32F7xx_HAL_Driver/Src/stm32f7xx_hal_ltdc.o
 .debug_loc     0x000000000000202a      0x198 Drivers/STM32F7xx_HAL_Driver/Src/stm32f7xx_hal_pwr_ex.o
 .debug_loc     0x00000000000021c2      0x4a2 Drivers/STM32F7xx_HAL_Driver/Src/stm32f7xx_hal_rcc.o
 .debug_loc     0x0000000000002664      0x607 Drivers/STM32F7xx_HAL_Driver/Src/stm32f7xx_hal_rcc_ex.o
 .debug_loc     0x0000000000002c6b      0x2d4 Drivers/STM32F7xx_HAL_Driver/Src/stm32f7xx_hal_rng.o
 .debug_loc     0x0000000000002f3f      0x3b9 Src/ltdc.o
 .debug_loc     0x00000000000032f8       0xc3 Src/main.o
 .debug_loc     0x00000000000033bb       0x5b Src/stm32f7xx_hal_msp.o
 .debug_loc     0x0000000000003416      0x13e Src/system_stm32f7xx.o

.debug_aranges  0x0000000000000000      0x6c0
 .debug_aranges
                0x0000000000000000      0x100 Drivers/STM32F7xx_HAL_Driver/Src/stm32f7xx_hal.o
 .debug_aranges
                0x0000000000000100       0xa8 Drivers/STM32F7xx_HAL_Driver/Src/stm32f7xx_hal_cortex.o
 .debug_aranges
                0x00000000000001a8       0x58 Drivers/STM32F7xx_HAL_Driver/Src/stm32f7xx_hal_gpio.o
 .debug_aranges
                0x0000000000000200      0x158 Drivers/STM32F7xx_HAL_Driver/Src/stm32f7xx_hal_ltdc.o
 .debug_aranges
                0x0000000000000358       0x80 Drivers/STM32F7xx_HAL_Driver/Src/stm32f7xx_hal_pwr_ex.o
 .debug_aranges
                0x00000000000003d8       0x88 Drivers/STM32F7xx_HAL_Driver/Src/stm32f7xx_hal_rcc.o
 .debug_aranges
                0x0000000000000460       0x50 Drivers/STM32F7xx_HAL_Driver/Src/stm32f7xx_hal_rcc_ex.o
 .debug_aranges
                0x00000000000004b0       0x80 Drivers/STM32F7xx_HAL_Driver/Src/stm32f7xx_hal_rng.o
 .debug_aranges
                0x0000000000000530       0x38 Src/ltdc.o
 .debug_aranges
                0x0000000000000568       0x60 Src/main.o
 .debug_aranges
                0x00000000000005c8       0x40 Src/stm32f7xx_hal_msp.o
 .debug_aranges
                0x0000000000000608       0x68 Src/stm32f7xx_it.o
 .debug_aranges
                0x0000000000000670       0x28 Src/system_stm32f7xx.o
 .debug_aranges
                0x0000000000000698       0x28 startup/startup_stm32f746xx.o

.debug_ranges   0x0000000000000000      0x668
 .debug_ranges  0x0000000000000000       0xf0 Drivers/STM32F7xx_HAL_Driver/Src/stm32f7xx_hal.o
 .debug_ranges  0x00000000000000f0       0xf8 Drivers/STM32F7xx_HAL_Driver/Src/stm32f7xx_hal_cortex.o
 .debug_ranges  0x00000000000001e8       0x48 Drivers/STM32F7xx_HAL_Driver/Src/stm32f7xx_hal_gpio.o
 .debug_ranges  0x0000000000000230      0x148 Drivers/STM32F7xx_HAL_Driver/Src/stm32f7xx_hal_ltdc.o
 .debug_ranges  0x0000000000000378       0x70 Drivers/STM32F7xx_HAL_Driver/Src/stm32f7xx_hal_pwr_ex.o
 .debug_ranges  0x00000000000003e8       0x78 Drivers/STM32F7xx_HAL_Driver/Src/stm32f7xx_hal_rcc.o
 .debug_ranges  0x0000000000000460       0x40 Drivers/STM32F7xx_HAL_Driver/Src/stm32f7xx_hal_rcc_ex.o
 .debug_ranges  0x00000000000004a0       0x70 Drivers/STM32F7xx_HAL_Driver/Src/stm32f7xx_hal_rng.o
 .debug_ranges  0x0000000000000510       0x48 Src/ltdc.o
 .debug_ranges  0x0000000000000558       0x50 Src/main.o
 .debug_ranges  0x00000000000005a8       0x30 Src/stm32f7xx_hal_msp.o
 .debug_ranges  0x00000000000005d8       0x58 Src/stm32f7xx_it.o
 .debug_ranges  0x0000000000000630       0x18 Src/system_stm32f7xx.o
 .debug_ranges  0x0000000000000648       0x20 startup/startup_stm32f746xx.o

.debug_macro    0x0000000000000000    0x24a04
 .debug_macro   0x0000000000000000      0x33b Drivers/STM32F7xx_HAL_Driver/Src/stm32f7xx_hal.o
 .debug_macro   0x000000000000033b      0x8bc Drivers/STM32F7xx_HAL_Driver/Src/stm32f7xx_hal.o
 .debug_macro   0x0000000000000bf7       0x10 Drivers/STM32F7xx_HAL_Driver/Src/stm32f7xx_hal.o
 .debug_macro   0x0000000000000c07      0x17f Drivers/STM32F7xx_HAL_Driver/Src/stm32f7xx_hal.o
 .debug_macro   0x0000000000000d86       0x2e Drivers/STM32F7xx_HAL_Driver/Src/stm32f7xx_hal.o
 .debug_macro   0x0000000000000db4       0x3b Drivers/STM32F7xx_HAL_Driver/Src/stm32f7xx_hal.o
 .debug_macro   0x0000000000000def       0x22 Drivers/STM32F7xx_HAL_Driver/Src/stm32f7xx_hal.o
 .debug_macro   0x0000000000000e11       0x87 Drivers/STM32F7xx_HAL_Driver/Src/stm32f7xx_hal.o
 .debug_macro   0x0000000000000e98       0x51 Drivers/STM32F7xx_HAL_Driver/Src/stm32f7xx_hal.o
 .debug_macro   0x0000000000000ee9       0xef Drivers/STM32F7xx_HAL_Driver/Src/stm32f7xx_hal.o
 .debug_macro   0x0000000000000fd8       0x6a Drivers/STM32F7xx_HAL_Driver/Src/stm32f7xx_hal.o
 .debug_macro   0x0000000000001042      0x1df Drivers/STM32F7xx_HAL_Driver/Src/stm32f7xx_hal.o
 .debug_macro   0x0000000000001221       0x35 Drivers/STM32F7xx_HAL_Driver/Src/stm32f7xx_hal.o
 .debug_macro   0x0000000000001256       0x50 Drivers/STM32F7xx_HAL_Driver/Src/stm32f7xx_hal.o
 .debug_macro   0x00000000000012a6     0x1114 Drivers/STM32F7xx_HAL_Driver/Src/stm32f7xx_hal.o
 .debug_macro   0x00000000000023ba    0x1875a Drivers/STM32F7xx_HAL_Driver/Src/stm32f7xx_hal.o
 .debug_macro   0x000000000001ab14       0x43 Drivers/STM32F7xx_HAL_Driver/Src/stm32f7xx_hal.o
 .debug_macro   0x000000000001ab57     0x35cf Drivers/STM32F7xx_HAL_Driver/Src/stm32f7xx_hal.o
 .debug_macro   0x000000000001e126       0x58 Drivers/STM32F7xx_HAL_Driver/Src/stm32f7xx_hal.o
 .debug_macro   0x000000000001e17e       0x35 Drivers/STM32F7xx_HAL_Driver/Src/stm32f7xx_hal.o
 .debug_macro   0x000000000001e1b3       0x9c Drivers/STM32F7xx_HAL_Driver/Src/stm32f7xx_hal.o
 .debug_macro   0x000000000001e24f       0x16 Drivers/STM32F7xx_HAL_Driver/Src/stm32f7xx_hal.o
 .debug_macro   0x000000000001e265       0x97 Drivers/STM32F7xx_HAL_Driver/Src/stm32f7xx_hal.o
 .debug_macro   0x000000000001e2fc      0x330 Drivers/STM32F7xx_HAL_Driver/Src/stm32f7xx_hal.o
 .debug_macro   0x000000000001e62c       0xfd Drivers/STM32F7xx_HAL_Driver/Src/stm32f7xx_hal.o
 .debug_macro   0x000000000001e729       0x10 Drivers/STM32F7xx_HAL_Driver/Src/stm32f7xx_hal.o
 .debug_macro   0x000000000001e739       0x58 Drivers/STM32F7xx_HAL_Driver/Src/stm32f7xx_hal.o
 .debug_macro   0x000000000001e791       0x1f Drivers/STM32F7xx_HAL_Driver/Src/stm32f7xx_hal.o
 .debug_macro   0x000000000001e7b0       0x43 Drivers/STM32F7xx_HAL_Driver/Src/stm32f7xx_hal.o
 .debug_macro   0x000000000001e7f3       0x20 Drivers/STM32F7xx_HAL_Driver/Src/stm32f7xx_hal.o
 .debug_macro   0x000000000001e813      0x187 Drivers/STM32F7xx_HAL_Driver/Src/stm32f7xx_hal.o
 .debug_macro   0x000000000001e99a       0x10 Drivers/STM32F7xx_HAL_Driver/Src/stm32f7xx_hal.o
 .debug_macro   0x000000000001e9aa       0x1c Drivers/STM32F7xx_HAL_Driver/Src/stm32f7xx_hal.o
 .debug_macro   0x000000000001e9c6       0x52 Drivers/STM32F7xx_HAL_Driver/Src/stm32f7xx_hal.o
 .debug_macro   0x000000000001ea18       0x40 Drivers/STM32F7xx_HAL_Driver/Src/stm32f7xx_hal.o
 .debug_macro   0x000000000001ea58       0x10 Drivers/STM32F7xx_HAL_Driver/Src/stm32f7xx_hal.o
 .debug_macro   0x000000000001ea68       0x40 Drivers/STM32F7xx_HAL_Driver/Src/stm32f7xx_hal.o
 .debug_macro   0x000000000001eaa8       0xd7 Drivers/STM32F7xx_HAL_Driver/Src/stm32f7xx_hal.o
 .debug_macro   0x000000000001eb7f       0x16 Drivers/STM32F7xx_HAL_Driver/Src/stm32f7xx_hal.o
 .debug_macro   0x000000000001eb95      0x18b Drivers/STM32F7xx_HAL_Driver/Src/stm32f7xx_hal.o
 .debug_macro   0x000000000001ed20       0x57 Drivers/STM32F7xx_HAL_Driver/Src/stm32f7xx_hal.o
 .debug_macro   0x000000000001ed77     0x18ad Drivers/STM32F7xx_HAL_Driver/Src/stm32f7xx_hal.o
 .debug_macro   0x0000000000020624      0x6ca Drivers/STM32F7xx_HAL_Driver/Src/stm32f7xx_hal.o
 .debug_macro   0x0000000000020cee      0x11e Drivers/STM32F7xx_HAL_Driver/Src/stm32f7xx_hal.o
 .debug_macro   0x0000000000020e0c      0x204 Drivers/STM32F7xx_HAL_Driver/Src/stm32f7xx_hal.o
 .debug_macro   0x0000000000021010       0x27 Drivers/STM32F7xx_HAL_Driver/Src/stm32f7xx_hal.o
 .debug_macro   0x0000000000021037      0x24f Drivers/STM32F7xx_HAL_Driver/Src/stm32f7xx_hal.o
 .debug_macro   0x0000000000021286       0x41 Drivers/STM32F7xx_HAL_Driver/Src/stm32f7xx_hal.o
 .debug_macro   0x00000000000212c7       0x58 Drivers/STM32F7xx_HAL_Driver/Src/stm32f7xx_hal.o
 .debug_macro   0x000000000002131f      0x23a Drivers/STM32F7xx_HAL_Driver/Src/stm32f7xx_hal.o
 .debug_macro   0x0000000000021559      0x156 Drivers/STM32F7xx_HAL_Driver/Src/stm32f7xx_hal.o
 .debug_macro   0x00000000000216af      0x25d Drivers/STM32F7xx_HAL_Driver/Src/stm32f7xx_hal.o
 .debug_macro   0x000000000002190c       0x12 Drivers/STM32F7xx_HAL_Driver/Src/stm32f7xx_hal.o
 .debug_macro   0x000000000002191e      0x209 Drivers/STM32F7xx_HAL_Driver/Src/stm32f7xx_hal.o
 .debug_macro   0x0000000000021b27       0x5a Drivers/STM32F7xx_HAL_Driver/Src/stm32f7xx_hal.o
 .debug_macro   0x0000000000021b81       0x90 Drivers/STM32F7xx_HAL_Driver/Src/stm32f7xx_hal.o
 .debug_macro   0x0000000000021c11      0x255 Drivers/STM32F7xx_HAL_Driver/Src/stm32f7xx_hal.o
 .debug_macro   0x0000000000021e66      0x132 Drivers/STM32F7xx_HAL_Driver/Src/stm32f7xx_hal.o
 .debug_macro   0x0000000000021f98      0x10c Drivers/STM32F7xx_HAL_Driver/Src/stm32f7xx_hal.o
 .debug_macro   0x00000000000220a4       0x35 Drivers/STM32F7xx_HAL_Driver/Src/stm32f7xx_hal.o
 .debug_macro   0x00000000000220d9       0x7b Drivers/STM32F7xx_HAL_Driver/Src/stm32f7xx_hal.o
 .debug_macro   0x0000000000022154      0x15e Drivers/STM32F7xx_HAL_Driver/Src/stm32f7xx_hal.o
 .debug_macro   0x00000000000222b2      0x317 Drivers/STM32F7xx_HAL_Driver/Src/stm32f7xx_hal_cortex.o
 .debug_macro   0x00000000000225c9      0x34f Drivers/STM32F7xx_HAL_Driver/Src/stm32f7xx_hal_gpio.o
 .debug_macro   0x0000000000022918      0x317 Drivers/STM32F7xx_HAL_Driver/Src/stm32f7xx_hal_ltdc.o
 .debug_macro   0x0000000000022c2f      0x32f Drivers/STM32F7xx_HAL_Driver/Src/stm32f7xx_hal_pwr_ex.o
 .debug_macro   0x0000000000022f5e      0x33b Drivers/STM32F7xx_HAL_Driver/Src/stm32f7xx_hal_rcc.o
 .debug_macro   0x0000000000023299      0x317 Drivers/STM32F7xx_HAL_Driver/Src/stm32f7xx_hal_rcc_ex.o
 .debug_macro   0x00000000000235b0      0x31d Drivers/STM32F7xx_HAL_Driver/Src/stm32f7xx_hal_rng.o
 .debug_macro   0x00000000000238cd      0x37b Src/ltdc.o
 .debug_macro   0x0000000000023c48       0x16 Src/ltdc.o
 .debug_macro   0x0000000000023c5e       0x35 Src/ltdc.o
 .debug_macro   0x0000000000023c93       0x16 Src/ltdc.o
 .debug_macro   0x0000000000023ca9       0x16 Src/ltdc.o
 .debug_macro   0x0000000000023cbf       0x29 Src/ltdc.o
 .debug_macro   0x0000000000023ce8       0xac Src/ltdc.o
 .debug_macro   0x0000000000023d94      0x31b Src/main.o
 .debug_macro   0x00000000000240af      0x317 Src/stm32f7xx_hal_msp.o
 .debug_macro   0x00000000000243c6      0x321 Src/stm32f7xx_it.o
 .debug_macro   0x00000000000246e7      0x31d Src/system_stm32f7xx.o

.debug_line     0x0000000000000000     0x7afb
 .debug_line    0x0000000000000000      0x993 Drivers/STM32F7xx_HAL_Driver/Src/stm32f7xx_hal.o
 .debug_line    0x0000000000000993      0x98e Drivers/STM32F7xx_HAL_Driver/Src/stm32f7xx_hal_cortex.o
 .debug_line    0x0000000000001321      0x906 Drivers/STM32F7xx_HAL_Driver/Src/stm32f7xx_hal_gpio.o
 .debug_line    0x0000000000001c27     0x1027 Drivers/STM32F7xx_HAL_Driver/Src/stm32f7xx_hal_ltdc.o
 .debug_line    0x0000000000002c4e      0x8bf Drivers/STM32F7xx_HAL_Driver/Src/stm32f7xx_hal_pwr_ex.o
 .debug_line    0x000000000000350d      0xa18 Drivers/STM32F7xx_HAL_Driver/Src/stm32f7xx_hal_rcc.o
 .debug_line    0x0000000000003f25      0x9a9 Drivers/STM32F7xx_HAL_Driver/Src/stm32f7xx_hal_rcc_ex.o
 .debug_line    0x00000000000048ce      0x8e5 Drivers/STM32F7xx_HAL_Driver/Src/stm32f7xx_hal_rng.o
 .debug_line    0x00000000000051b3      0x85c Src/ltdc.o
 .debug_line    0x0000000000005a0f      0x8c9 Src/main.o
 .debug_line    0x00000000000062d8      0x7f3 Src/stm32f7xx_hal_msp.o
 .debug_line    0x0000000000006acb      0x810 Src/stm32f7xx_it.o
 .debug_line    0x00000000000072db      0x7a1 Src/system_stm32f7xx.o
 .debug_line    0x0000000000007a7c       0x7f startup/startup_stm32f746xx.o

.debug_str      0x0000000000000000    0xd9a87
 .debug_str     0x0000000000000000    0xd78bf Drivers/STM32F7xx_HAL_Driver/Src/stm32f7xx_hal.o
                                      0xd7cba (size before relaxing)
 .debug_str     0x00000000000d78bf      0x472 Drivers/STM32F7xx_HAL_Driver/Src/stm32f7xx_hal_cortex.o
                                      0xd7c98 (size before relaxing)
 .debug_str     0x00000000000d7d31      0x2cf Drivers/STM32F7xx_HAL_Driver/Src/stm32f7xx_hal_gpio.o
                                      0xd7525 (size before relaxing)
 .debug_str     0x00000000000d8000      0x72b Drivers/STM32F7xx_HAL_Driver/Src/stm32f7xx_hal_ltdc.o
                                      0xd78af (size before relaxing)
 .debug_str     0x00000000000d872b      0x1f3 Drivers/STM32F7xx_HAL_Driver/Src/stm32f7xx_hal_pwr_ex.o
                                      0xd75e1 (size before relaxing)
 .debug_str     0x00000000000d891e      0x397 Drivers/STM32F7xx_HAL_Driver/Src/stm32f7xx_hal_rcc.o
                                      0xd7686 (size before relaxing)
 .debug_str     0x00000000000d8cb5      0x392 Drivers/STM32F7xx_HAL_Driver/Src/stm32f7xx_hal_rcc_ex.o
                                      0xd7600 (size before relaxing)
 .debug_str     0x00000000000d9047      0x215 Drivers/STM32F7xx_HAL_Driver/Src/stm32f7xx_hal_rng.o
                                      0xd7362 (size before relaxing)
 .debug_str     0x00000000000d925c      0x620 Src/ltdc.o
                                      0xd79bf (size before relaxing)
 .debug_str     0x00000000000d987c       0xc9 Src/main.o
                                      0xd8365 (size before relaxing)
 .debug_str     0x00000000000d9945       0x1b Src/stm32f7xx_hal_msp.o
                                      0xd7bf6 (size before relaxing)
 .debug_str     0x00000000000d9960       0xcd Src/stm32f7xx_it.o
                                      0xd71c6 (size before relaxing)
 .debug_str     0x00000000000d9a2d       0x5a Src/system_stm32f7xx.o
                                      0xd734a (size before relaxing)

.comment        0x0000000000000000       0x7f
 .comment       0x0000000000000000       0x7f Drivers/STM32F7xx_HAL_Driver/Src/stm32f7xx_hal.o
                                         0x80 (size before relaxing)
 .comment       0x000000000000007f       0x80 Drivers/STM32F7xx_HAL_Driver/Src/stm32f7xx_hal_cortex.o
 .comment       0x000000000000007f       0x80 Drivers/STM32F7xx_HAL_Driver/Src/stm32f7xx_hal_gpio.o
 .comment       0x000000000000007f       0x80 Drivers/STM32F7xx_HAL_Driver/Src/stm32f7xx_hal_ltdc.o
 .comment       0x000000000000007f       0x80 Drivers/STM32F7xx_HAL_Driver/Src/stm32f7xx_hal_pwr_ex.o
 .comment       0x000000000000007f       0x80 Drivers/STM32F7xx_HAL_Driver/Src/stm32f7xx_hal_rcc.o
 .comment       0x000000000000007f       0x80 Drivers/STM32F7xx_HAL_Driver/Src/stm32f7xx_hal_rcc_ex.o
 .comment       0x000000000000007f       0x80 Drivers/STM32F7xx_HAL_Driver/Src/stm32f7xx_hal_rng.o
 .comment       0x000000000000007f       0x80 Src/ltdc.o
 .comment       0x000000000000007f       0x80 Src/main.o
 .comment       0x000000000000007f       0x80 Src/stm32f7xx_hal_msp.o
 .comment       0x000000000000007f       0x80 Src/stm32f7xx_it.o
 .comment       0x000000000000007f       0x80 Src/system_stm32f7xx.o

.debug_frame    0x0000000000000000     0x1060
 .debug_frame   0x0000000000000000      0x20c Drivers/STM32F7xx_HAL_Driver/Src/stm32f7xx_hal.o
 .debug_frame   0x000000000000020c      0x15c Drivers/STM32F7xx_HAL_Driver/Src/stm32f7xx_hal_cortex.o
 .debug_frame   0x0000000000000368       0xd0 Drivers/STM32F7xx_HAL_Driver/Src/stm32f7xx_hal_gpio.o
 .debug_frame   0x0000000000000438      0x3e0 Drivers/STM32F7xx_HAL_Driver/Src/stm32f7xx_hal_ltdc.o
 .debug_frame   0x0000000000000818      0x134 Drivers/STM32F7xx_HAL_Driver/Src/stm32f7xx_hal_pwr_ex.o
 .debug_frame   0x000000000000094c      0x180 Drivers/STM32F7xx_HAL_Driver/Src/stm32f7xx_hal_rcc.o
 .debug_frame   0x0000000000000acc       0xcc Drivers/STM32F7xx_HAL_Driver/Src/stm32f7xx_hal_rcc_ex.o
 .debug_frame   0x0000000000000b98      0x11c Drivers/STM32F7xx_HAL_Driver/Src/stm32f7xx_hal_rng.o
 .debug_frame   0x0000000000000cb4       0x94 Src/ltdc.o
 .debug_frame   0x0000000000000d48      0x104 Src/main.o
 .debug_frame   0x0000000000000e4c       0x8c Src/stm32f7xx_hal_msp.o
 .debug_frame   0x0000000000000ed8       0xc0 Src/stm32f7xx_it.o
 .debug_frame   0x0000000000000f98       0x3c Src/system_stm32f7xx.o
 .debug_frame   0x0000000000000fd4       0x2c /opt/Ac6/SystemWorkbench/plugins/fr.ac6.mcu.externaltools.arm-none.linux64_1.15.0.201708311556/tools/compiler/bin/../lib/gcc/arm-none-eabi/6.3.1/thumb/v7e-m/fpv5-sp/hard/libgcc.a(_aeabi_uldivmod.o)
 .debug_frame   0x0000000000001000       0x34 /opt/Ac6/SystemWorkbench/plugins/fr.ac6.mcu.externaltools.arm-none.linux64_1.15.0.201708311556/tools/compiler/bin/../lib/gcc/arm-none-eabi/6.3.1/thumb/v7e-m/fpv5-sp/hard/libgcc.a(_udivmoddi4.o)
 .debug_frame   0x0000000000001034       0x2c /opt/Ac6/SystemWorkbench/plugins/fr.ac6.mcu.externaltools.arm-none.linux64_1.15.0.201708311556/tools/compiler/bin/../lib/gcc/arm-none-eabi/6.3.1/../../../../arm-none-eabi/lib/thumb/v7e-m/fpv5-sp/hard/libc_nano.a(lib_a-init.o)
